// Jest Snapshot v1, https://goo.gl/fbAQLP

exports[`Counter test suite :initialValue | Cuando se pasa 4 como valor inicial El contador incrementa su valor en 1 1`] = `"<p>4</p>"`;
